[1/136] TwoBusTgov1/smooth-mu1: ok (0.0s)
[2/136] TwoBusTgov1/smooth-mu1-tight: ok (0.0s)
[3/136] TwoBusTgov1/smooth-mu3p16227766: ok (0.0s)
[4/136] TwoBusTgov1/smooth-mu3p16227766-tight: ok (0.0s)
[5/136] TwoBusTgov1/smooth-mu10: ok (0.0s)
[6/136] TwoBusTgov1/smooth-mu10-tight: ok (0.0s)
[7/136] TwoBusTgov1/smooth-mu31p6227766: ok (0.0s)
[8/136] TwoBusTgov1/smooth-mu31p6227766-tight: ok (0.0s)
[9/136] TwoBusTgov1/smooth-mu100: ok (0.0s)
[10/136] TwoBusTgov1/smooth-mu100-tight: ok (0.0s)
[11/136] TwoBusTgov1/smooth-mu316p227766: ok (0.0s)
[12/136] TwoBusTgov1/smooth-mu316p227766-tight: ok (0.0s)
[13/136] TwoBusTgov1/smooth-mu1000: ok (0.0s)
[14/136] TwoBusTgov1/smooth-mu1000-tight: ok (0.0s)
[15/136] TwoBusTgov1/smooth-mu3162p27766: ok (0.0s)
[16/136] TwoBusTgov1/smooth-mu3162p27766-tight: ok (0.0s)
[17/136] TwoBusTgov1/smooth-mu10000: ok (0.0s)
[18/136] TwoBusTgov1/smooth-mu10000-tight: ok (0.0s)
[19/136] TwoBusTgov1/piecewise-mu10000: ok (0.0s)
[20/136] TwoBusTgov1/piecewise-mu10000-tight: ok (0.0s)
[21/136] TwoBusGensal/smooth-mu1: ok (0.0s)
[22/136] TwoBusGensal/smooth-mu1-tight: ok (0.1s)
[23/136] TwoBusGensal/smooth-mu3p16227766: ok (0.0s)
[24/136] TwoBusGensal/smooth-mu3p16227766-tight: ok (0.1s)
[25/136] TwoBusGensal/smooth-mu10: ok (0.0s)
[26/136] TwoBusGensal/smooth-mu10-tight: ok (0.1s)
[27/136] TwoBusGensal/smooth-mu31p6227766: ok (0.0s)
[28/136] TwoBusGensal/smooth-mu31p6227766-tight: ok (0.1s)
[29/136] TwoBusGensal/smooth-mu100: ok (0.0s)
[30/136] TwoBusGensal/smooth-mu100-tight: ok (0.0s)
[31/136] TwoBusGensal/smooth-mu316p227766: ok (0.0s)
[32/136] TwoBusGensal/smooth-mu316p227766-tight: ok (0.1s)
[33/136] TwoBusGensal/smooth-mu1000: ok (0.0s)
[34/136] TwoBusGensal/smooth-mu1000-tight: ok (0.0s)
[35/136] TwoBusGensal/smooth-mu3162p27766: ok (0.0s)
[36/136] TwoBusGensal/smooth-mu3162p27766-tight: ok (0.1s)
[37/136] TwoBusGensal/smooth-mu10000: ok (0.0s)
[38/136] TwoBusGensal/smooth-mu10000-tight: ok (0.0s)
[39/136] TwoBusGensal/piecewise-mu10000: ok (0.0s)
[40/136] TwoBusGensal/piecewise-mu10000-tight: ok (0.1s)
[41/136] TwoBusIeeet1/smooth-mu1: ok (0.0s)
[42/136] TwoBusIeeet1/smooth-mu1-tight: ok (0.1s)
[43/136] TwoBusIeeet1/smooth-mu3p16227766: ok (0.0s)
[44/136] TwoBusIeeet1/smooth-mu3p16227766-tight: ok (0.1s)
[45/136] TwoBusIeeet1/smooth-mu10: ok (0.0s)
[46/136] TwoBusIeeet1/smooth-mu10-tight: ok (0.1s)
[47/136] TwoBusIeeet1/smooth-mu31p6227766: ok (0.0s)
[48/136] TwoBusIeeet1/smooth-mu31p6227766-tight: ok (0.1s)
[49/136] TwoBusIeeet1/smooth-mu100: ok (0.0s)
[50/136] TwoBusIeeet1/smooth-mu100-tight: ok (0.0s)
[51/136] TwoBusIeeet1/smooth-mu316p227766: ok (0.0s)
[52/136] TwoBusIeeet1/smooth-mu316p227766-tight: ok (0.1s)
[53/136] TwoBusIeeet1/smooth-mu1000: ok (0.0s)
[54/136] TwoBusIeeet1/smooth-mu1000-tight: ok (0.1s)
[55/136] TwoBusIeeet1/smooth-mu3162p27766: ok (0.0s)
[56/136] TwoBusIeeet1/smooth-mu3162p27766-tight: ok (0.1s)
[57/136] TwoBusIeeet1/smooth-mu10000: ok (0.0s)
[58/136] TwoBusIeeet1/smooth-mu10000-tight: ok (0.1s)
[59/136] TwoBusIeeet1/piecewise-mu10000: ok (0.0s)
[60/136] TwoBusIeeet1/piecewise-mu10000-tight: ok (0.1s)
[61/136] ThreeBusBasic/smooth-mu1: ok (0.0s)
[62/136] ThreeBusBasic/smooth-mu1-tight: ok (0.0s)
[63/136] ThreeBusBasic/smooth-mu3p16227766: ok (0.0s)
[64/136] ThreeBusBasic/smooth-mu3p16227766-tight: ok (0.0s)
[65/136] ThreeBusBasic/smooth-mu10: ok (0.0s)
[66/136] ThreeBusBasic/smooth-mu10-tight: ok (0.0s)
[67/136] ThreeBusBasic/smooth-mu31p6227766: ok (0.0s)
[68/136] ThreeBusBasic/smooth-mu31p6227766-tight: ok (0.0s)
[69/136] ThreeBusBasic/smooth-mu100: ok (0.0s)
[70/136] ThreeBusBasic/smooth-mu100-tight: ok (0.0s)
[71/136] ThreeBusBasic/smooth-mu316p227766: ok (0.0s)
[72/136] ThreeBusBasic/smooth-mu316p227766-tight: ok (0.0s)
[73/136] ThreeBusBasic/smooth-mu1000: ok (0.0s)
[74/136] ThreeBusBasic/smooth-mu1000-tight: ok (0.0s)
[75/136] ThreeBusBasic/smooth-mu3162p27766: ok (0.0s)
[76/136] ThreeBusBasic/smooth-mu3162p27766-tight: ok (0.0s)
[77/136] ThreeBusBasic/smooth-mu10000: ok (0.0s)
[78/136] ThreeBusBasic/smooth-mu10000-tight: ok (0.0s)
[79/136] ThreeBusBasic/piecewise-mu10000: ok (0.0s)
[80/136] ThreeBusBasic/piecewise-mu10000-tight: ok (0.0s)
[81/136] ACTIVSg200/smooth-mu1: ok (0.1s)
[82/136] ACTIVSg200/smooth-mu1-tight: ok (0.1s)
[83/136] ACTIVSg200/smooth-mu3p16227766: ok (0.1s)
[84/136] ACTIVSg200/smooth-mu3p16227766-tight: ok (0.1s)
[85/136] ACTIVSg200/smooth-mu10: ok (0.1s)
[86/136] ACTIVSg200/smooth-mu10-tight: ok (0.1s)
[87/136] ACTIVSg200/smooth-mu31p6227766: ok (0.1s)
[88/136] ACTIVSg200/smooth-mu31p6227766-tight: ok (0.1s)
[89/136] ACTIVSg200/smooth-mu100: ok (0.1s)
[90/136] ACTIVSg200/smooth-mu100-tight: ok (0.1s)
[91/136] ACTIVSg200/smooth-mu316p227766: ok (0.1s)
[92/136] ACTIVSg200/smooth-mu316p227766-tight: ok (0.1s)
[93/136] ACTIVSg200/smooth-mu1000: ok (0.1s)
[94/136] ACTIVSg200/smooth-mu1000-tight: ok (0.1s)
[95/136] ACTIVSg200/smooth-mu3162p27766: ok (0.1s)
[96/136] ACTIVSg200/smooth-mu3162p27766-tight: ok (0.1s)
[97/136] ACTIVSg200/smooth-mu10000: ok (0.1s)
[98/136] ACTIVSg200/smooth-mu10000-tight: ok (0.2s)
[99/136] ACTIVSg200/piecewise-mu10000: ok (0.1s)
[100/136] ACTIVSg200/piecewise-mu10000-tight: ok (0.1s)
[101/136] ACTIVSg500/smooth-mu1: ok (0.1s)
[102/136] ACTIVSg500/smooth-mu1-tight: ok (0.1s)
[103/136] ACTIVSg500/smooth-mu3p16227766: ok (0.1s)
[104/136] ACTIVSg500/smooth-mu3p16227766-tight: ok (0.2s)
[105/136] ACTIVSg500/smooth-mu10: ok (0.1s)
[106/136] ACTIVSg500/smooth-mu10-tight: ok (0.1s)
[107/136] ACTIVSg500/smooth-mu31p6227766: ok (0.1s)
[108/136] ACTIVSg500/smooth-mu31p6227766-tight: ok (0.1s)
[109/136] ACTIVSg500/smooth-mu100: ok (0.1s)
[110/136] ACTIVSg500/smooth-mu100-tight: ok (0.1s)
[111/136] ACTIVSg500/smooth-mu316p227766: ok (0.1s)
[112/136] ACTIVSg500/smooth-mu316p227766-tight: ok (0.1s)
[113/136] ACTIVSg500/smooth-mu1000: ok (0.1s)
[114/136] ACTIVSg500/smooth-mu1000-tight: ok (0.2s)
[115/136] ACTIVSg500/smooth-mu3162p27766: ok (0.1s)
[116/136] ACTIVSg500/smooth-mu3162p27766-tight: ok (0.2s)
[117/136] ACTIVSg500/smooth-mu10000: ok (0.1s)
[118/136] ACTIVSg500/smooth-mu10000-tight: ok (0.2s)
[119/136] ACTIVSg500/piecewise-mu10000: ok (0.1s)
[120/136] ACTIVSg500/piecewise-mu10000-tight: ok (0.1s)
[121/136] WECC240/smooth-mu1: rc=-6 (0.0s)
[122/136] WECC240/smooth-mu1-tight: rc=-6 (0.0s)
[123/136] WECC240/smooth-mu100: ok (0.2s)
[124/136] WECC240/smooth-mu100-tight: ok (0.6s)
[125/136] WECC240/smooth-mu10000: ok (0.3s)
[126/136] WECC240/smooth-mu10000-tight: ok (0.8s)
[127/136] WECC240/piecewise-mu10000: ok (0.3s)
[128/136] WECC240/piecewise-mu10000-tight: ok (0.7s)
[129/136] ACTIVSg10k/smooth-mu1: rc=-6 (1.3s)
[130/136] ACTIVSg10k/smooth-mu1-tight: rc=-6 (1.3s)
[131/136] ACTIVSg10k/smooth-mu100: ok (11.2s)
[132/136] ACTIVSg10k/smooth-mu100-tight: ok (25.6s)
[133/136] ACTIVSg10k/smooth-mu10000: ok (16.7s)
[134/136] ACTIVSg10k/smooth-mu10000-tight: ok (56.6s)
[135/136] ACTIVSg10k/piecewise-mu10000: rc=-6 (8.6s)
[136/136] ACTIVSg10k/piecewise-mu10000-tight: rc=-6 (35.9s)
done: 130/136 ok
